[INFO] Scanning for projects...
[INFO] 
[INFO] -------------------------< com.hls:sunflower >--------------------------
[INFO] Building sunflower 0.0.1-SNAPSHOT
[INFO]   from pom.xml
[INFO] --------------------------------[ jar ]---------------------------------
[INFO] 
[INFO] >>> spring-boot:3.3.2:run (default-cli) > test-compile @ sunflower >>>
[WARNING] The artifact org.hibernate:hibernate-core:pom:6.4.4.Final has been relocated to org.hibernate.orm:hibernate-core:pom:6.4.4.Final
[INFO] 
[INFO] --- resources:3.3.1:resources (default-resources) @ sunflower ---
[INFO] Copying 1 resource from src/main/resources to target/classes
[INFO] Copying 1 resource from src/main/resources to target/classes
[INFO] 
[INFO] --- compiler:3.12.1:compile (default-compile) @ sunflower ---
[INFO] Nothing to compile - all classes are up to date.
[INFO] 
[INFO] --- spotless:2.43.0:apply (default) @ sunflower ---
[INFO] Spotless.Java is keeping 124 files clean - 0 were changed to be clean, 0 were already clean, 124 were skipped because caching determined they were already clean
[INFO] 
[INFO] --- resources:3.3.1:testResources (default-testResources) @ sunflower ---
[INFO] skip non existing resourceDirectory /Users/mac2019/Desktop/dee/BR-Subflower/src/test/resources
[INFO] 
[INFO] --- compiler:3.12.1:testCompile (default-testCompile) @ sunflower ---
[INFO] No sources to compile
[INFO] 
[INFO] <<< spring-boot:3.3.2:run (default-cli) < test-compile @ sunflower <<<
[INFO] 
[INFO] 
[INFO] --- spring-boot:3.3.2:run (default-cli) @ sunflower ---
[INFO] Attaching agents: []

  .   ____          _            __ _ _
 /\\ / ___'_ __ _ _(_)_ __  __ _ \ \ \ \
( ( )\___ | '_ | '_| | '_ \/ _` | \ \ \ \
 \\/  ___)| |_)| | | | | || (_| |  ) ) ) )
  '  |____| .__|_| |_|_| |_\__, | / / / /
 =========|_|==============|___/=/_/_/_/

 :: Spring Boot ::                (v3.3.2)

2025-12-11T23:29:23.836+07:00  INFO 47084 --- [           main] com.hls.sunflower.SunflowerApplication   : Starting SunflowerApplication using Java 23.0.2 with PID 47084 (/Users/mac2019/Desktop/dee/BR-Subflower/target/classes started by mac2019 in /Users/mac2019/Desktop/dee/BR-Subflower)
2025-12-11T23:29:23.838+07:00 DEBUG 47084 --- [           main] com.hls.sunflower.SunflowerApplication   : Running with Spring Boot v3.3.2, Spring v6.1.11
2025-12-11T23:29:23.838+07:00  INFO 47084 --- [           main] com.hls.sunflower.SunflowerApplication   : No active profile set, falling back to 1 default profile: "default"
2025-12-11T23:29:24.364+07:00 DEBUG 47084 --- [           main] o.s.c.openfeign.FeignClientsRegistrar$1  : Identified candidate component class: file [/Users/mac2019/Desktop/dee/BR-Subflower/target/classes/com/hls/sunflower/dao/httpClient/OutBoundUserClient.class]
2025-12-11T23:29:24.364+07:00 DEBUG 47084 --- [           main] o.s.c.openfeign.FeignClientsRegistrar$1  : Identified candidate component class: file [/Users/mac2019/Desktop/dee/BR-Subflower/target/classes/com/hls/sunflower/dao/httpClient/OutboundIdentityClient.class]
2025-12-11T23:29:24.581+07:00  INFO 47084 --- [           main] .s.d.r.c.RepositoryConfigurationDelegate : Bootstrapping Spring Data JPA repositories in DEFAULT mode.
2025-12-11T23:29:24.729+07:00  INFO 47084 --- [           main] .s.d.r.c.RepositoryConfigurationDelegate : Finished Spring Data repository scanning in 143 ms. Found 12 JPA repository interfaces.
2025-12-11T23:29:24.914+07:00  INFO 47084 --- [           main] o.s.cloud.context.scope.GenericScope     : BeanFactory id=ac11bc43-dced-32db-b626-da53fd12d02b
2025-12-11T23:29:25.242+07:00  INFO 47084 --- [           main] o.s.b.w.embedded.tomcat.TomcatWebServer  : Tomcat initialized with port 8080 (http)
2025-12-11T23:29:25.255+07:00  INFO 47084 --- [           main] o.apache.catalina.core.StandardService   : Starting service [Tomcat]
2025-12-11T23:29:25.255+07:00  INFO 47084 --- [           main] o.apache.catalina.core.StandardEngine    : Starting Servlet engine: [Apache Tomcat/10.1.26]
2025-12-11T23:29:25.312+07:00  INFO 47084 --- [           main] o.a.c.c.C.[Tomcat].[localhost].[/api]    : Initializing Spring embedded WebApplicationContext
2025-12-11T23:29:25.313+07:00  INFO 47084 --- [           main] w.s.c.ServletWebServerApplicationContext : Root WebApplicationContext: initialization completed in 1436 ms
2025-12-11T23:29:25.450+07:00  INFO 47084 --- [           main] o.hibernate.jpa.internal.util.LogHelper  : HHH000204: Processing PersistenceUnitInfo [name: default]
2025-12-11T23:29:25.484+07:00  INFO 47084 --- [           main] org.hibernate.Version                    : HHH000412: Hibernate ORM core version 6.5.2.Final
2025-12-11T23:29:25.506+07:00  INFO 47084 --- [           main] o.h.c.internal.RegionFactoryInitiator    : HHH000026: Second-level cache disabled
2025-12-11T23:29:25.706+07:00  INFO 47084 --- [           main] o.s.o.j.p.SpringPersistenceUnitInfo      : No LoadTimeWeaver setup: ignoring JPA class transformer
2025-12-11T23:29:25.725+07:00  INFO 47084 --- [           main] com.zaxxer.hikari.HikariDataSource       : HikariPool-1 - Starting...
2025-12-11T23:29:26.772+07:00  INFO 47084 --- [           main] com.zaxxer.hikari.pool.HikariPool        : HikariPool-1 - Added connection com.mysql.cj.jdbc.ConnectionImpl@55b45ea1
2025-12-11T23:29:26.773+07:00  INFO 47084 --- [           main] com.zaxxer.hikari.HikariDataSource       : HikariPool-1 - Start completed.
2025-12-11T23:29:26.941+07:00  WARN 47084 --- [           main] org.hibernate.orm.deprecation            : HHH90000025: MySQLDialect does not need to be specified explicitly using 'hibernate.dialect' (remove the property setting and it will be selected by default)
2025-12-11T23:29:27.773+07:00  INFO 47084 --- [           main] o.h.e.t.j.p.i.JtaPlatformInitiator       : HHH000489: No JTA platform available (set 'hibernate.transaction.jta.platform' to enable JTA platform integration)
Hibernate: 
    alter table news 
       modify column content TEXT
Hibernate: 
    alter table product 
       modify column description TEXT
2025-12-11T23:29:30.394+07:00  INFO 47084 --- [           main] j.LocalContainerEntityManagerFactoryBean : Initialized JPA EntityManagerFactory for persistence unit 'default'
2025-12-11T23:29:30.683+07:00 DEBUG 47084 --- [           main] o.s.c.openfeign.FeignClientFactoryBean   : Creating a FeignClientFactoryBean.
2025-12-11T23:29:30.821+07:00  WARN 47084 --- [           main] JpaBaseConfiguration$JpaWebConfiguration : spring.jpa.open-in-view is enabled by default. Therefore, database queries may be performed during view rendering. Explicitly configure spring.jpa.open-in-view to disable this warning
2025-12-11T23:29:30.864+07:00 DEBUG 47084 --- [           main] o.s.c.openfeign.FeignClientFactoryBean   : Creating a FeignClientFactoryBean.
2025-12-11T23:29:30.906+07:00  INFO 47084 --- [           main] o.s.d.j.r.query.QueryEnhancerFactory     : Hibernate is in classpath; If applicable, HQL parser will be used.
2025-12-11T23:29:32.894+07:00  WARN 47084 --- [           main] c.h.s.configuration.GeminiConfig         : GEMINI_API_KEY is not set in environment variables. Fashion advisor features will not work.
2025-12-11T23:29:33.582+07:00  INFO 47084 --- [           main] o.s.b.w.embedded.tomcat.TomcatWebServer  : Tomcat started on port 8080 (http) with context path '/api'
2025-12-11T23:29:33.591+07:00  INFO 47084 --- [           main] com.hls.sunflower.SunflowerApplication   : Started SunflowerApplication in 10.112 seconds (process running for 10.392)
2025-12-11T23:30:21.960+07:00  INFO 47084 --- [nio-8080-exec-1] o.a.c.c.C.[Tomcat].[localhost].[/api]    : Initializing Spring DispatcherServlet 'dispatcherServlet'
2025-12-11T23:30:21.961+07:00  INFO 47084 --- [nio-8080-exec-1] o.s.web.servlet.DispatcherServlet        : Initializing Servlet 'dispatcherServlet'
2025-12-11T23:30:21.963+07:00  INFO 47084 --- [nio-8080-exec-1] o.s.web.servlet.DispatcherServlet        : Completed initialization in 2 ms
2025-12-11T23:30:22.033+07:00  INFO 47084 --- [nio-8080-exec-1] c.h.s.s.s.AuthenticationServiceImpl      : Exchanging token with form: {code=4/0ATX87lOwK89dp1LeMafjT4FYS3Sdl8yO-krU9xSse7zCxsoIP0X3Np2tMHSF6kA5xqGVWw, grant_type=authorization_code, client_secret=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, redirect_uri=http://localhost:5173/auth, client_id=886735085581-q1h8jc62v8qtre1cqe6enmt0d465hdun.apps.googleusercontent.com}
2025-12-11T23:30:22.038+07:00 DEBUG 47084 --- [nio-8080-exec-1] feign.Logger                             : [OutboundIdentityClient#exchangeToken] ---> POST https://oauth2.googleapis.com/token HTTP/1.1
2025-12-11T23:30:22.039+07:00 DEBUG 47084 --- [nio-8080-exec-1] feign.Logger                             : [OutboundIdentityClient#exchangeToken] Content-Length: 293
2025-12-11T23:30:22.039+07:00 DEBUG 47084 --- [nio-8080-exec-1] feign.Logger                             : [OutboundIdentityClient#exchangeToken] Content-Type: application/x-www-form-urlencoded; charset=UTF-8
2025-12-11T23:30:22.040+07:00 DEBUG 47084 --- [nio-8080-exec-1] feign.Logger                             : [OutboundIdentityClient#exchangeToken] 
2025-12-11T23:30:22.040+07:00 DEBUG 47084 --- [nio-8080-exec-1] feign.Logger                             : [OutboundIdentityClient#exchangeToken] code=4%2F0ATX87lOwK89dp1LeMafjT4FYS3Sdl8yO-krU9xSse7zCxsoIP0X3Np2tMHSF6kA5xqGVWw&grant_type=authorization_code&client_secret=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&redirect_uri=http%3A%2F%2Flocalhost%3A5173%2Fauth&client_id=886735085581-q1h8jc62v8qtre1cqe6enmt0d465hdun.apps.googleusercontent.com
2025-12-11T23:30:22.041+07:00 DEBUG 47084 --- [nio-8080-exec-1] feign.Logger                             : [OutboundIdentityClient#exchangeToken] ---> END HTTP (293-byte body)
2025-12-11T23:30:22.289+07:00 DEBUG 47084 --- [nio-8080-exec-1] feign.Logger                             : [OutboundIdentityClient#exchangeToken] <--- HTTP/1.1 200 OK (248ms)
2025-12-11T23:30:22.290+07:00 DEBUG 47084 --- [nio-8080-exec-1] feign.Logger                             : [OutboundIdentityClient#exchangeToken] accept-ranges: none
2025-12-11T23:30:22.290+07:00 DEBUG 47084 --- [nio-8080-exec-1] feign.Logger                             : [OutboundIdentityClient#exchangeToken] alt-svc: h3=":443"; ma=2592000,h3-29=":443"; ma=2592000
2025-12-11T23:30:22.290+07:00 DEBUG 47084 --- [nio-8080-exec-1] feign.Logger                             : [OutboundIdentityClient#exchangeToken] cache-control: no-cache, no-store, max-age=0, must-revalidate
2025-12-11T23:30:22.290+07:00 DEBUG 47084 --- [nio-8080-exec-1] feign.Logger                             : [OutboundIdentityClient#exchangeToken] content-type: application/json; charset=utf-8
2025-12-11T23:30:22.290+07:00 DEBUG 47084 --- [nio-8080-exec-1] feign.Logger                             : [OutboundIdentityClient#exchangeToken] date: Thu, 11 Dec 2025 16:30:22 GMT
2025-12-11T23:30:22.290+07:00 DEBUG 47084 --- [nio-8080-exec-1] feign.Logger                             : [OutboundIdentityClient#exchangeToken] expires: Mon, 01 Jan 1990 00:00:00 GMT
2025-12-11T23:30:22.290+07:00 DEBUG 47084 --- [nio-8080-exec-1] feign.Logger                             : [OutboundIdentityClient#exchangeToken] pragma: no-cache
2025-12-11T23:30:22.290+07:00 DEBUG 47084 --- [nio-8080-exec-1] feign.Logger                             : [OutboundIdentityClient#exchangeToken] server: scaffolding on HTTPServer2
2025-12-11T23:30:22.290+07:00 DEBUG 47084 --- [nio-8080-exec-1] feign.Logger                             : [OutboundIdentityClient#exchangeToken] transfer-encoding: chunked
2025-12-11T23:30:22.290+07:00 DEBUG 47084 --- [nio-8080-exec-1] feign.Logger                             : [OutboundIdentityClient#exchangeToken] vary: X-Origin
2025-12-11T23:30:22.290+07:00 DEBUG 47084 --- [nio-8080-exec-1] feign.Logger                             : [OutboundIdentityClient#exchangeToken] vary: Referer
2025-12-11T23:30:22.291+07:00 DEBUG 47084 --- [nio-8080-exec-1] feign.Logger                             : [OutboundIdentityClient#exchangeToken] vary: Origin,Accept-Encoding
2025-12-11T23:30:22.291+07:00 DEBUG 47084 --- [nio-8080-exec-1] feign.Logger                             : [OutboundIdentityClient#exchangeToken] x-content-type-options: nosniff
2025-12-11T23:30:22.291+07:00 DEBUG 47084 --- [nio-8080-exec-1] feign.Logger                             : [OutboundIdentityClient#exchangeToken] x-frame-options: SAMEORIGIN
2025-12-11T23:30:22.291+07:00 DEBUG 47084 --- [nio-8080-exec-1] feign.Logger                             : [OutboundIdentityClient#exchangeToken] x-xss-protection: 0
2025-12-11T23:30:22.291+07:00 DEBUG 47084 --- [nio-8080-exec-1] feign.Logger                             : [OutboundIdentityClient#exchangeToken] 
2025-12-11T23:30:22.292+07:00 DEBUG 47084 --- [nio-8080-exec-1] feign.Logger                             : [OutboundIdentityClient#exchangeToken] {
  "access_token": "ya29.a0Aa7pCA-Rt9z2QX6cJPl4H6xNgNH5qBe84Y3n5DEBbcDBuOsq9qbXINiVYEx9cz_WNrgO7UrFxOtv9TBaVFtT07N5W4XrjxHa28et0idJKuugx0vhb8sS0YOTPgdInnW8ofbAhvN9zsXLKLzFfOuWfpTqPUuU16tuS9M679TUrFBFXMMvqvO4vpPJZ1jhJ5lw785UtxEaCgYKARwSARMSFQHGX2MivfeJbrYTguSZ1_B-QYsgCw0206",
  "expires_in": 3599,
  "refresh_token": "1//0elrBzcY6SjGsCgYIARAAGA4SNwF-L9IrvSNd_bDVBuIEduVVOTNVqr5GNtBWA7B3lQtUPlS7FLvu1M_Tin6rjpBt_OGK2f6e4MI",
  "scope": "openid https://www.googleapis.com/auth/userinfo.email https://www.googleapis.com/auth/userinfo.profile",
  "token_type": "Bearer",
  "id_token": "eyJhbGciOiJSUzI1NiIsImtpZCI6IjEzMGZkY2VmY2M4ZWQ3YmU2YmVkZmE2ZmM4Nzk3MjIwNDBjOTJiMzgiLCJ0eXAiOiJKV1QifQ.eyJpc3MiOiJodHRwczovL2FjY291bnRzLmdvb2dsZS5jb20iLCJhenAiOiI4ODY3MzUwODU1ODEtcTFoOGpjNjJ2OHF0cmUxY3FlNmVubXQwZDQ2NWhkdW4uYXBwcy5nb29nbGV1c2VyY29udGVudC5jb20iLCJhdWQiOiI4ODY3MzUwODU1ODEtcTFoOGpjNjJ2OHF0cmUxY3FlNmVubXQwZDQ2NWhkdW4uYXBwcy5nb29nbGV1c2VyY29udGVudC5jb20iLCJzdWIiOiIxMDAyMzUxNzYzNzkxMDk4NzI4NjQiLCJlbWFpbCI6InNvbjI5MDYyMDAyQGdtYWlsLmNvbSIsImVtYWlsX3ZlcmlmaWVkIjp0cnVlLCJhdF9oYXNoIjoiVlVXZ3R4MnRPS2VGN3NReVluMGY3QSIsIm5hbWUiOiJTxqFuIE5ndXnhu4VuIEjhu5NuZyIsInBpY3R1cmUiOiJodHRwczovL2xoMy5nb29nbGV1c2VyY29udGVudC5jb20vYS9BQ2c4b2NKdDViSmYxMW5wSlJkOTNkQ1JVa24zME41Rkk4RER6OXVqZlYyMnZtVk5NMVBQNzdJPXM5Ni1jIiwiZ2l2ZW5fbmFtZSI6IlPGoW4iLCJmYW1pbHlfbmFtZSI6Ik5ndXnhu4VuIEjhu5NuZyIsImlhdCI6MTc2NTQ3MDYyMiwiZXhwIjoxNzY1NDc0MjIyfQ.asSz4z55n2eMrwoAgARr6cy6PQewxk59cddoH6A4pK7TgvJFPJNTrPZKNk9geFPnbImrlNQxTffrU5DXFnBe2lAi41pNsCIY7mBH3h_VmttssGAnnNEtPbgRGr9fB_R_sA8ZSrWLnxrxaFVRomaVtgAnR9-VMkq7RqnH1BgE3s5qv5SLvNxxMkFpe0t0B2OJjq3RH0VUiB7qM1EvefFIAaz0zu0NL6bTI5UTS74plTZEwSAQa3nP3YIMxkihZqa5njVYpSUVI1Yj9lcMrpo3RrvVElr2ddpWeqAH8R3Y7gimSIuWDqcbWNDQ8WgUBoZwlvpq8KqeoTQU-HTYXAdlfQ"
}
2025-12-11T23:30:22.293+07:00 DEBUG 47084 --- [nio-8080-exec-1] feign.Logger                             : [OutboundIdentityClient#exchangeToken] <--- END HTTP (1758-byte body)
2025-12-11T23:30:22.353+07:00 ERROR 47084 --- [nio-8080-exec-1] c.h.s.s.s.AuthenticationServiceImpl      : Google token exchange failed: status=200, body=
2025-12-11T23:31:21.561+07:00  INFO 47084 --- [nio-8080-exec-2] c.h.s.s.s.AuthenticationServiceImpl      : Exchanging token with form: {code=4/0ATX87lP28eoql_nP6sfFWCIL_bpuDdNvLyAp3riLhRKpXNqNXthgyoi5XgFMfUttCx1Q8A, grant_type=authorization_code, client_secret=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, redirect_uri=http://localhost:5173/auth, client_id=886735085581-q1h8jc62v8qtre1cqe6enmt0d465hdun.apps.googleusercontent.com}
2025-12-11T23:31:21.561+07:00 DEBUG 47084 --- [nio-8080-exec-2] feign.Logger                             : [OutboundIdentityClient#exchangeToken] ---> POST https://oauth2.googleapis.com/token HTTP/1.1
2025-12-11T23:31:21.561+07:00 DEBUG 47084 --- [nio-8080-exec-2] feign.Logger                             : [OutboundIdentityClient#exchangeToken] Content-Length: 293
2025-12-11T23:31:21.561+07:00 DEBUG 47084 --- [nio-8080-exec-2] feign.Logger                             : [OutboundIdentityClient#exchangeToken] Content-Type: application/x-www-form-urlencoded; charset=UTF-8
2025-12-11T23:31:21.562+07:00 DEBUG 47084 --- [nio-8080-exec-2] feign.Logger                             : [OutboundIdentityClient#exchangeToken] 
2025-12-11T23:31:21.562+07:00 DEBUG 47084 --- [nio-8080-exec-2] feign.Logger                             : [OutboundIdentityClient#exchangeToken] code=4%2F0ATX87lP28eoql_nP6sfFWCIL_bpuDdNvLyAp3riLhRKpXNqNXthgyoi5XgFMfUttCx1Q8A&grant_type=authorization_code&client_secret=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&redirect_uri=http%3A%2F%2Flocalhost%3A5173%2Fauth&client_id=886735085581-q1h8jc62v8qtre1cqe6enmt0d465hdun.apps.googleusercontent.com
2025-12-11T23:31:21.562+07:00 DEBUG 47084 --- [nio-8080-exec-2] feign.Logger                             : [OutboundIdentityClient#exchangeToken] ---> END HTTP (293-byte body)
2025-12-11T23:31:21.791+07:00 DEBUG 47084 --- [nio-8080-exec-2] feign.Logger                             : [OutboundIdentityClient#exchangeToken] <--- HTTP/1.1 200 OK (228ms)
2025-12-11T23:31:21.791+07:00 DEBUG 47084 --- [nio-8080-exec-2] feign.Logger                             : [OutboundIdentityClient#exchangeToken] accept-ranges: none
2025-12-11T23:31:21.791+07:00 DEBUG 47084 --- [nio-8080-exec-2] feign.Logger                             : [OutboundIdentityClient#exchangeToken] alt-svc: h3=":443"; ma=2592000,h3-29=":443"; ma=2592000
2025-12-11T23:31:21.791+07:00 DEBUG 47084 --- [nio-8080-exec-2] feign.Logger                             : [OutboundIdentityClient#exchangeToken] cache-control: no-cache, no-store, max-age=0, must-revalidate
2025-12-11T23:31:21.791+07:00 DEBUG 47084 --- [nio-8080-exec-2] feign.Logger                             : [OutboundIdentityClient#exchangeToken] content-type: application/json; charset=utf-8
2025-12-11T23:31:21.791+07:00 DEBUG 47084 --- [nio-8080-exec-2] feign.Logger                             : [OutboundIdentityClient#exchangeToken] date: Thu, 11 Dec 2025 16:31:21 GMT
2025-12-11T23:31:21.791+07:00 DEBUG 47084 --- [nio-8080-exec-2] feign.Logger                             : [OutboundIdentityClient#exchangeToken] expires: Mon, 01 Jan 1990 00:00:00 GMT
2025-12-11T23:31:21.792+07:00 DEBUG 47084 --- [nio-8080-exec-2] feign.Logger                             : [OutboundIdentityClient#exchangeToken] pragma: no-cache
2025-12-11T23:31:21.792+07:00 DEBUG 47084 --- [nio-8080-exec-2] feign.Logger                             : [OutboundIdentityClient#exchangeToken] server: scaffolding on HTTPServer2
2025-12-11T23:31:21.792+07:00 DEBUG 47084 --- [nio-8080-exec-2] feign.Logger                             : [OutboundIdentityClient#exchangeToken] transfer-encoding: chunked
2025-12-11T23:31:21.792+07:00 DEBUG 47084 --- [nio-8080-exec-2] feign.Logger                             : [OutboundIdentityClient#exchangeToken] vary: X-Origin
2025-12-11T23:31:21.792+07:00 DEBUG 47084 --- [nio-8080-exec-2] feign.Logger                             : [OutboundIdentityClient#exchangeToken] vary: Referer
2025-12-11T23:31:21.792+07:00 DEBUG 47084 --- [nio-8080-exec-2] feign.Logger                             : [OutboundIdentityClient#exchangeToken] vary: Origin,Accept-Encoding
2025-12-11T23:31:21.792+07:00 DEBUG 47084 --- [nio-8080-exec-2] feign.Logger                             : [OutboundIdentityClient#exchangeToken] x-content-type-options: nosniff
2025-12-11T23:31:21.792+07:00 DEBUG 47084 --- [nio-8080-exec-2] feign.Logger                             : [OutboundIdentityClient#exchangeToken] x-frame-options: SAMEORIGIN
2025-12-11T23:31:21.792+07:00 DEBUG 47084 --- [nio-8080-exec-2] feign.Logger                             : [OutboundIdentityClient#exchangeToken] x-xss-protection: 0
2025-12-11T23:31:21.792+07:00 DEBUG 47084 --- [nio-8080-exec-2] feign.Logger                             : [OutboundIdentityClient#exchangeToken] 
2025-12-11T23:31:21.793+07:00 DEBUG 47084 --- [nio-8080-exec-2] feign.Logger                             : [OutboundIdentityClient#exchangeToken] {
  "access_token": "ya29.a0Aa7pCA_QBNy5f2iI7MNmHKa7ZBQltY22hXM0-VooCW_qliFYrLkiiRx5BbJHH_mEBbnjitHHzUdtU4j2xW6x45vlbTFssvoccH2c-XqPByhha3sRp2gSMSLASYyxMZMg6z62jc5_cA6UOlUHOm_n7jdWzOXPLAWHdRAKqdzGEx2i0frF0W9bXG0Q8FcO_lPHGIDZuEIaCgYKAdgSARQSFQHGX2MicV9lYuDn6rBdzQdiCgfa8Q0206",
  "expires_in": 3599,
  "refresh_token": "1//0eP7f2EBRuVGLCgYIARAAGA4SNwF-L9IrNdkd02_0YamgUPfDi9KjNSzdWbE0NBu_sNdWUHuLmKZvcx0wYYRDPKfbB_w1Aa22pUQ",
  "scope": "https://www.googleapis.com/auth/userinfo.email https://www.googleapis.com/auth/userinfo.profile openid",
  "token_type": "Bearer",
  "id_token": "eyJhbGciOiJSUzI1NiIsImtpZCI6IjEzMGZkY2VmY2M4ZWQ3YmU2YmVkZmE2ZmM4Nzk3MjIwNDBjOTJiMzgiLCJ0eXAiOiJKV1QifQ.eyJpc3MiOiJodHRwczovL2FjY291bnRzLmdvb2dsZS5jb20iLCJhenAiOiI4ODY3MzUwODU1ODEtcTFoOGpjNjJ2OHF0cmUxY3FlNmVubXQwZDQ2NWhkdW4uYXBwcy5nb29nbGV1c2VyY29udGVudC5jb20iLCJhdWQiOiI4ODY3MzUwODU1ODEtcTFoOGpjNjJ2OHF0cmUxY3FlNmVubXQwZDQ2NWhkdW4uYXBwcy5nb29nbGV1c2VyY29udGVudC5jb20iLCJzdWIiOiIxMDU0Mjg0MzE5NDIwOTcwNDYxMzkiLCJlbWFpbCI6InRoaS50b2MuekBnbWFpbC5jb20iLCJlbWFpbF92ZXJpZmllZCI6dHJ1ZSwiYXRfaGFzaCI6Imc5NFVrU3dkSGdzUVBlcnFlRnlQcXciLCJuYW1lIjoiVOG7mWMgVGjhu4siLCJwaWN0dXJlIjoiaHR0cHM6Ly9saDMuZ29vZ2xldXNlcmNvbnRlbnQuY29tL2EvQUNnOG9jSzkwQ1Y0VzhxT0lUN0I5QzQ1VWpEbVp4MTdpX1VIamw4OXhUSzlKQlNHN0RvNk5QMlA9czk2LWMiLCJnaXZlbl9uYW1lIjoiVOG7mWMiLCJmYW1pbHlfbmFtZSI6IlRo4buLIiwiaWF0IjoxNzY1NDcwNjgxLCJleHAiOjE3NjU0NzQyODF9.VIx7mbeaGVAiWg-pT5el-93OKfF7ejGN_j1vztnUDkAPV0yuryjPILUD2q2p1B-sZXVBYtV-lPgiqiALUiakVWjqM3Vcn4S1cbmDFnQ-XZG_79fbDsK-ieZBzDThgIgCSPHzt6DZp5jy6Sgkmbguerk7fG6cSzNTzVP9j-a-M9zCPeEmIHlQmO4HpidMazJPNFfbE8j87tZGD7fN5JzNi0nlwwHwSCIY9fs43dHzAA1gvsgnuBWTLts-i5lEJ-JyFZYA5xB7QRbFbkIP45boNAQd66K8ZkE0U9VXZgqMFW6vyb_yoLwZoVF93ddVPxTSq2sYYpxq6sGSbFcLs0lFJQ"
}
2025-12-11T23:31:21.794+07:00 DEBUG 47084 --- [nio-8080-exec-2] feign.Logger                             : [OutboundIdentityClient#exchangeToken] <--- END HTTP (1732-byte body)
2025-12-11T23:31:21.795+07:00 ERROR 47084 --- [nio-8080-exec-2] c.h.s.s.s.AuthenticationServiceImpl      : Google token exchange failed: status=200, body=
[INFO] ------------------------------------------------------------------------
[INFO] BUILD FAILURE
[INFO] ------------------------------------------------------------------------
[INFO] Total time:  22:00 min
[INFO] Finished at: 2025-12-11T23:51:20+07:00
[INFO] ------------------------------------------------------------------------
[ERROR] Failed to execute goal org.springframework.boot:spring-boot-maven-plugin:3.3.2:run (default-cli) on project sunflower: Process terminated with exit code: 137 -> [Help 1]
[ERROR] 
[ERROR] To see the full stack trace of the errors, re-run Maven with the -e switch.
[ERROR] Re-run Maven using the -X switch to enable full debug logging.
[ERROR] 
[ERROR] For more information about the errors and possible solutions, please read the following articles:
[ERROR] [Help 1] http://cwiki.apache.org/confluence/display/MAVEN/MojoExecutionException
